/Design/snapaa/TC/TC1/ttgf-zed_tc1/slpp_all/lib/work/src/tt_um_zedtc1_top.sv /Design/snapaa/TC/TC1/ttgf-zed_tc1/src/tt_um_zedtc1_top.sv
/Design/snapaa/TC/TC1/ttgf-zed_tc1/slpp_all/lib/work/src/otUART.03/uart_reg_pkg.sv /Design/snapaa/TC/TC1/ttgf-zed_tc1/src/otUART.03/uart_reg_pkg.sv
/Design/snapaa/TC/TC1/ttgf-zed_tc1/slpp_all/lib/work/src/otUART.03/nco_config.sv /Design/snapaa/TC/TC1/ttgf-zed_tc1/src/otUART.03/nco_config.sv
/Design/snapaa/TC/TC1/ttgf-zed_tc1/slpp_all/lib/work/src/otUART.03/uart_core.sv /Design/snapaa/TC/TC1/ttgf-zed_tc1/src/otUART.03/uart_core.sv
/Design/snapaa/TC/TC1/ttgf-zed_tc1/slpp_all/lib/work/src/otUART.03/uart_tx.sv /Design/snapaa/TC/TC1/ttgf-zed_tc1/src/otUART.03/uart_tx.sv
/Design/snapaa/TC/TC1/ttgf-zed_tc1/slpp_all/lib/work/src/otUART.03/uart_rx.sv /Design/snapaa/TC/TC1/ttgf-zed_tc1/src/otUART.03/uart_rx.sv
/Design/snapaa/TC/TC1/ttgf-zed_tc1/slpp_all/lib/work/src/otUART.03/prim_util_pkg.sv /Design/snapaa/TC/TC1/ttgf-zed_tc1/src/otUART.03/prim_util_pkg.sv
/Design/snapaa/TC/TC1/ttgf-zed_tc1/slpp_all/lib/work/src/otUART.03/prim_count_pkg.sv /Design/snapaa/TC/TC1/ttgf-zed_tc1/src/otUART.03/prim_count_pkg.sv
/Design/snapaa/TC/TC1/ttgf-zed_tc1/slpp_all/lib/work/src/otUART.03/prim_fifo_sync_cnt.sv /Design/snapaa/TC/TC1/ttgf-zed_tc1/src/otUART.03/prim_fifo_sync_cnt.sv
/Design/snapaa/TC/TC1/ttgf-zed_tc1/slpp_all/lib/work/src/otUART.03/prim_fifo_sync.sv /Design/snapaa/TC/TC1/ttgf-zed_tc1/src/otUART.03/prim_fifo_sync.sv
/Design/snapaa/TC/TC1/ttgf-zed_tc1/slpp_all/lib/work/src/otUART.03/prim_flop_2sync.sv /Design/snapaa/TC/TC1/ttgf-zed_tc1/src/otUART.03/prim_flop_2sync.sv
/Design/snapaa/TC/TC1/ttgf-zed_tc1/slpp_all/lib/work/src/otUART.03/prim_flop_macros.sv /Design/snapaa/TC/TC1/ttgf-zed_tc1/src/otUART.03/prim_flop_macros.sv
/Design/snapaa/TC/TC1/ttgf-zed_tc1/slpp_all/lib/work/src/otUART.03/prim_count.sv /Design/snapaa/TC/TC1/ttgf-zed_tc1/src/otUART.03/prim_count.sv
/Design/snapaa/TC/TC1/ttgf-zed_tc1/slpp_all/lib/work/src/otUART.03/prim_flop.sv /Design/snapaa/TC/TC1/ttgf-zed_tc1/src/otUART.03/prim_flop.sv
/Design/snapaa/TC/TC1/ttgf-zed_tc1/slpp_all/lib/work/src/otUART.03/prim_assert_standard_macros.svh /Design/snapaa/TC/TC1/ttgf-zed_tc1/src/otUART.03/prim_assert_standard_macros.svh
/Design/snapaa/TC/TC1/ttgf-zed_tc1/slpp_all/lib/work/src/otUART.03/prim_fifo_assert.svh /Design/snapaa/TC/TC1/ttgf-zed_tc1/src/otUART.03/prim_fifo_assert.svh
/Design/snapaa/TC/TC1/ttgf-zed_tc1/slpp_all/lib/work/src/otUART.03/prim_assert_yosys_macros.svh /Design/snapaa/TC/TC1/ttgf-zed_tc1/src/otUART.03/prim_assert_yosys_macros.svh
/Design/snapaa/TC/TC1/ttgf-zed_tc1/slpp_all/lib/work/src/otUART.03/prim_assert_dummy_macros.svh /Design/snapaa/TC/TC1/ttgf-zed_tc1/src/otUART.03/prim_assert_dummy_macros.svh
/Design/snapaa/TC/TC1/ttgf-zed_tc1/slpp_all/lib/work/src/otUART.03/prim_assert_sec_cm.svh /Design/snapaa/TC/TC1/ttgf-zed_tc1/src/otUART.03/prim_assert_sec_cm.svh
/Design/snapaa/TC/TC1/ttgf-zed_tc1/slpp_all/lib/work/src/otSPIhost.05/prim_packer_fifo.sv /Design/snapaa/TC/TC1/ttgf-zed_tc1/src/otSPIhost.05/prim_packer_fifo.sv
/Design/snapaa/TC/TC1/ttgf-zed_tc1/slpp_all/lib/work/src/otSPIhost.05/spi_host_byte_select.sv /Design/snapaa/TC/TC1/ttgf-zed_tc1/src/otSPIhost.05/spi_host_byte_select.sv
/Design/snapaa/TC/TC1/ttgf-zed_tc1/slpp_all/lib/work/src/otSPIhost.05/spi_host_byte_merge.sv /Design/snapaa/TC/TC1/ttgf-zed_tc1/src/otSPIhost.05/spi_host_byte_merge.sv
/Design/snapaa/TC/TC1/ttgf-zed_tc1/slpp_all/lib/work/src/otSPIhost.05/spi_host_cmd_pkg.sv /Design/snapaa/TC/TC1/ttgf-zed_tc1/src/otSPIhost.05/spi_host_cmd_pkg.sv
/Design/snapaa/TC/TC1/ttgf-zed_tc1/slpp_all/lib/work/src/otSPIhost.05/spi_host_shift_register.sv /Design/snapaa/TC/TC1/ttgf-zed_tc1/src/otSPIhost.05/spi_host_shift_register.sv
/Design/snapaa/TC/TC1/ttgf-zed_tc1/slpp_all/lib/work/src/otSPIhost.05/prim_buf.sv /Design/snapaa/TC/TC1/ttgf-zed_tc1/src/otSPIhost.05/prim_buf.sv
/Design/snapaa/TC/TC1/ttgf-zed_tc1/slpp_all/lib/work/src/otSPIhost.05/prim_sec_anchor_buf.sv /Design/snapaa/TC/TC1/ttgf-zed_tc1/src/otSPIhost.05/prim_sec_anchor_buf.sv
/Design/snapaa/TC/TC1/ttgf-zed_tc1/slpp_all/lib/work/src/otSPIhost.05/prim_flop_en.sv /Design/snapaa/TC/TC1/ttgf-zed_tc1/src/otSPIhost.05/prim_flop_en.sv
/Design/snapaa/TC/TC1/ttgf-zed_tc1/slpp_all/lib/work/src/otSPIhost.05/prim_util_pkg.sv /Design/snapaa/TC/TC1/ttgf-zed_tc1/src/otSPIhost.05/prim_util_pkg.sv
/Design/snapaa/TC/TC1/ttgf-zed_tc1/slpp_all/lib/work/src/otSPIhost.05/spi_host_fsm.sv /Design/snapaa/TC/TC1/ttgf-zed_tc1/src/otSPIhost.05/spi_host_fsm.sv
/Design/snapaa/TC/TC1/ttgf-zed_tc1/slpp_all/lib/work/src/otSPIhost.05/spi_host_core.sv /Design/snapaa/TC/TC1/ttgf-zed_tc1/src/otSPIhost.05/spi_host_core.sv
/Design/snapaa/TC/TC1/ttgf-zed_tc1/slpp_all/lib/work/src/otSPIhost.05/spi_host.sv /Design/snapaa/TC/TC1/ttgf-zed_tc1/src/otSPIhost.05/spi_host.sv
